[2026-06-29 11:27:58] INFO     hfbrasil.489b3ee4-0e90-421a-871e-d1614420e532 | hfbrasil-preco v0.1.0 — Pipeline ETL
[2026-06-29 11:27:58] INFO     hfbrasil.489b3ee4-0e90-421a-871e-d1614420e532 | Run ID: 489b3ee4-0e90-421a-871e-d1614420e532
[2026-06-29 11:27:58] INFO     hfbrasil.489b3ee4-0e90-421a-871e-d1614420e532 | Produtos: ['ALFACE', 'CEBOLA']
[2026-06-29 11:27:58] INFO     hfbrasil.489b3ee4-0e90-421a-871e-d1614420e532 | Ano: 2026 | Regiao: Todos | Periodicidade: Anual
[2026-06-29 11:27:58] INFO     hfbrasil.489b3ee4-0e90-421a-871e-d1614420e532 | Dry-run: True | Headless: True
[2026-06-29 11:27:58] INFO     hfbrasil.489b3ee4-0e90-421a-871e-d1614420e532 | ==================================================
[2026-06-29 11:27:58] INFO     hfbrasil.489b3ee4-0e90-421a-871e-d1614420e532 | ETAPA 1/5 — Verificacoes pre-voo
[2026-06-29 11:27:58] INFO     hfbrasil.489b3ee4-0e90-421a-871e-d1614420e532 | ==================================================
[2026-06-29 11:27:58] INFO     hfbrasil.489b3ee4-0e90-421a-871e-d1614420e532 | Iniciando verificacoes pre-voo
[2026-06-29 11:27:58] INFO     hfbrasil.489b3ee4-0e90-421a-871e-d1614420e532 |   Diretorio xlsx: dados\xlsx (OK)
[2026-06-29 11:27:58] INFO     hfbrasil.489b3ee4-0e90-421a-871e-d1614420e532 |   Diretorio csv: dados\csv (OK)
[2026-06-29 11:27:58] INFO     hfbrasil.489b3ee4-0e90-421a-871e-d1614420e532 |   Diretorio logs: dados\logs (OK)
[2026-06-29 11:27:58] INFO     hfbrasil.489b3ee4-0e90-421a-871e-d1614420e532 | Todas as verificacoes pre-voo passaram
[2026-06-29 11:27:58] INFO     hfbrasil.489b3ee4-0e90-421a-871e-d1614420e532 | ==================================================
[2026-06-29 11:27:58] INFO     hfbrasil.489b3ee4-0e90-421a-871e-d1614420e532 | ETAPA 2/5 — Extracao (Selenium)
[2026-06-29 11:27:58] INFO     hfbrasil.489b3ee4-0e90-421a-871e-d1614420e532 | ==================================================
[2026-06-29 11:27:58] INFO     hfbrasil.489b3ee4-0e90-421a-871e-d1614420e532 | [dry-run] Extracao simulado — nenhum download sera realizado
[2026-06-29 11:27:58] WARNING  hfbrasil.489b3ee4-0e90-421a-871e-d1614420e532 | Nenhum XLS baixado — pipeline encerrada
[2026-06-29 11:27:58] INFO     hfbrasil.489b3ee4-0e90-421a-871e-d1614420e532 | Notificacao suprimida (notificar_sucesso=False, todas etapas OK)
[2026-06-29 11:27:58] INFO     hfbrasil.489b3ee4-0e90-421a-871e-d1614420e532 | Pipeline finalizada — etapas OK: 1, falhas: 0, duracao: 0.2s
