[2026-07-02 13:47:06] INFO     hfbrasil.79d2bded-5900-4103-ba23-ab14db2ef721 | hfbrasil-preco v0.1.0 — Pipeline ETL
[2026-07-02 13:47:06] INFO     hfbrasil.79d2bded-5900-4103-ba23-ab14db2ef721 | Run ID: 79d2bded-5900-4103-ba23-ab14db2ef721
[2026-07-02 13:47:06] INFO     hfbrasil.79d2bded-5900-4103-ba23-ab14db2ef721 | Produtos: ['ALFACE', 'TOMATE', 'CEBOLA']
[2026-07-02 13:47:06] INFO     hfbrasil.79d2bded-5900-4103-ba23-ab14db2ef721 | Ano: 2026 | Regiao: Todos | Periodicidade: Anual
[2026-07-02 13:47:06] INFO     hfbrasil.79d2bded-5900-4103-ba23-ab14db2ef721 | Dry-run: True | Headless: True
[2026-07-02 13:47:06] INFO     hfbrasil.79d2bded-5900-4103-ba23-ab14db2ef721 | ==================================================
[2026-07-02 13:47:06] INFO     hfbrasil.79d2bded-5900-4103-ba23-ab14db2ef721 | ETAPA 1/5 — Verificacoes pre-voo
[2026-07-02 13:47:06] INFO     hfbrasil.79d2bded-5900-4103-ba23-ab14db2ef721 | ==================================================
[2026-07-02 13:47:06] INFO     hfbrasil.79d2bded-5900-4103-ba23-ab14db2ef721 | Iniciando verificacoes pre-voo
[2026-07-02 13:47:06] INFO     hfbrasil.79d2bded-5900-4103-ba23-ab14db2ef721 |   Diretorio xlsx: dados\xlsx (OK)
[2026-07-02 13:47:06] INFO     hfbrasil.79d2bded-5900-4103-ba23-ab14db2ef721 |   Diretorio csv: dados\csv (OK)
[2026-07-02 13:47:06] INFO     hfbrasil.79d2bded-5900-4103-ba23-ab14db2ef721 |   Diretorio logs: dados\logs (OK)
[2026-07-02 13:47:06] INFO     hfbrasil.79d2bded-5900-4103-ba23-ab14db2ef721 | Todas as verificacoes pre-voo passaram
[2026-07-02 13:47:07] INFO     hfbrasil.79d2bded-5900-4103-ba23-ab14db2ef721 | ==================================================
[2026-07-02 13:47:07] INFO     hfbrasil.79d2bded-5900-4103-ba23-ab14db2ef721 | ETAPA 2/5 — Extracao (Selenium)
[2026-07-02 13:47:07] INFO     hfbrasil.79d2bded-5900-4103-ba23-ab14db2ef721 | ==================================================
[2026-07-02 13:47:07] INFO     hfbrasil.79d2bded-5900-4103-ba23-ab14db2ef721 | [dry-run] Extracao simulado — nenhum download sera realizado
[2026-07-02 13:47:07] INFO     hfbrasil.79d2bded-5900-4103-ba23-ab14db2ef721 | [dry-run] Simulacao concluida — nenhum download/carga executado
[2026-07-02 13:47:07] INFO     hfbrasil.79d2bded-5900-4103-ba23-ab14db2ef721 | Notificacao suprimida (notificar_sucesso=False, todas etapas OK)
[2026-07-02 13:47:07] INFO     hfbrasil.79d2bded-5900-4103-ba23-ab14db2ef721 | Pipeline finalizada — etapas OK: 1, falhas: 0, duracao: 0.1s
