[2026-06-30 18:01:21] INFO     hfbrasil.9fbdf91e-5b1b-4595-8d76-2b239c5d6b7f | hfbrasil-preco v0.1.0 — Pipeline ETL
[2026-06-30 18:01:21] INFO     hfbrasil.9fbdf91e-5b1b-4595-8d76-2b239c5d6b7f | Run ID: 9fbdf91e-5b1b-4595-8d76-2b239c5d6b7f
[2026-06-30 18:01:21] INFO     hfbrasil.9fbdf91e-5b1b-4595-8d76-2b239c5d6b7f | Produtos: ['CEBOLA']
[2026-06-30 18:01:21] INFO     hfbrasil.9fbdf91e-5b1b-4595-8d76-2b239c5d6b7f | Ano: 2026 | Regiao: Todos | Periodicidade: Anual
[2026-06-30 18:01:21] INFO     hfbrasil.9fbdf91e-5b1b-4595-8d76-2b239c5d6b7f | Dry-run: False | Headless: True
[2026-06-30 18:01:21] INFO     hfbrasil.9fbdf91e-5b1b-4595-8d76-2b239c5d6b7f | ==================================================
[2026-06-30 18:01:21] INFO     hfbrasil.9fbdf91e-5b1b-4595-8d76-2b239c5d6b7f | ETAPA 1/5 — Verificacoes pre-voo
[2026-06-30 18:01:21] INFO     hfbrasil.9fbdf91e-5b1b-4595-8d76-2b239c5d6b7f | ==================================================
[2026-06-30 18:01:21] INFO     hfbrasil.9fbdf91e-5b1b-4595-8d76-2b239c5d6b7f | Iniciando verificacoes pre-voo
[2026-06-30 18:01:21] INFO     hfbrasil.9fbdf91e-5b1b-4595-8d76-2b239c5d6b7f | Verificando site: https://www.hfbrasil.org.br/br/banco-de-dados-precos-medios-dos-hortifruticolas.aspx
[2026-06-30 18:01:21] INFO     hfbrasil.9fbdf91e-5b1b-4595-8d76-2b239c5d6b7f |   Site OK (HTTP 200)
[2026-06-30 18:01:21] INFO     hfbrasil.9fbdf91e-5b1b-4595-8d76-2b239c5d6b7f |   Diretorio xlsx: dados\xlsx (OK)
[2026-06-30 18:01:21] INFO     hfbrasil.9fbdf91e-5b1b-4595-8d76-2b239c5d6b7f |   Diretorio csv: dados\csv (OK)
[2026-06-30 18:01:21] INFO     hfbrasil.9fbdf91e-5b1b-4595-8d76-2b239c5d6b7f |   Diretorio logs: dados\logs (OK)
[2026-06-30 18:01:21] INFO     hfbrasil.9fbdf91e-5b1b-4595-8d76-2b239c5d6b7f | Todas as verificacoes pre-voo passaram
[2026-06-30 18:01:21] INFO     hfbrasil.9fbdf91e-5b1b-4595-8d76-2b239c5d6b7f | ==================================================
[2026-06-30 18:01:21] INFO     hfbrasil.9fbdf91e-5b1b-4595-8d76-2b239c5d6b7f | ETAPA 2/5 — Extracao (Selenium)
[2026-06-30 18:01:21] INFO     hfbrasil.9fbdf91e-5b1b-4595-8d76-2b239c5d6b7f | ==================================================
[2026-06-30 18:01:23] INFO     hfbrasil.9fbdf91e-5b1b-4595-8d76-2b239c5d6b7f | Extraindo: CEBOLA (radio value=2)
[2026-06-30 18:01:30] INFO     hfbrasil.9fbdf91e-5b1b-4595-8d76-2b239c5d6b7f | Download concluido: C:\Users\JFC\Desktop\HF_AUTOMAÇAO\0031-hfbrasil-preco-agro\dados\xlsx\CEBOLA_2026.xlsx
[2026-06-30 18:01:33] INFO     hfbrasil.9fbdf91e-5b1b-4595-8d76-2b239c5d6b7f | ==================================================
[2026-06-30 18:01:33] INFO     hfbrasil.9fbdf91e-5b1b-4595-8d76-2b239c5d6b7f | ETAPA 3/5 — Transformacao (XLS → CSV)
[2026-06-30 18:01:33] INFO     hfbrasil.9fbdf91e-5b1b-4595-8d76-2b239c5d6b7f | ==================================================
[2026-06-30 18:01:33] INFO     hfbrasil.9fbdf91e-5b1b-4595-8d76-2b239c5d6b7f | Transformando: CEBOLA_2026.xlsx
[2026-06-30 18:01:33] INFO     hfbrasil.9fbdf91e-5b1b-4595-8d76-2b239c5d6b7f |   Produto detectado: CEBOLA
[2026-06-30 18:01:33] INFO     hfbrasil.9fbdf91e-5b1b-4595-8d76-2b239c5d6b7f |   Linhas brutas: 49 | Colunas: ['Produto', 'Região', 'Ano', 'Moeda', 'Unidade', 'Preço']
[2026-06-30 18:01:33] INFO     hfbrasil.9fbdf91e-5b1b-4595-8d76-2b239c5d6b7f |   Linha-residuo removida (produto='Fonte: Hortifruti/Cepea')
[2026-06-30 18:01:33] INFO     hfbrasil.9fbdf91e-5b1b-4595-8d76-2b239c5d6b7f |   Prefixo 'Cebola' aplicado a 48 linha(s) de produto
[2026-06-30 18:01:33] INFO     hfbrasil.9fbdf91e-5b1b-4595-8d76-2b239c5d6b7f |   Colunas ausentes preenchidas com default: ['dia', 'mes']
[2026-06-30 18:01:33] INFO     hfbrasil.9fbdf91e-5b1b-4595-8d76-2b239c5d6b7f |   CSV gerado: CEBOLA_2026.csv (48 linhas)
[2026-06-30 18:01:33] INFO     hfbrasil.9fbdf91e-5b1b-4595-8d76-2b239c5d6b7f | ==================================================
[2026-06-30 18:01:33] INFO     hfbrasil.9fbdf91e-5b1b-4595-8d76-2b239c5d6b7f | ETAPA 4/5 — Qualidade (gates)
[2026-06-30 18:01:33] INFO     hfbrasil.9fbdf91e-5b1b-4595-8d76-2b239c5d6b7f | ==================================================
[2026-06-30 18:01:33] INFO     hfbrasil.9fbdf91e-5b1b-4595-8d76-2b239c5d6b7f | Validando: CEBOLA_2026.csv
[2026-06-30 18:01:33] INFO     hfbrasil.9fbdf91e-5b1b-4595-8d76-2b239c5d6b7f | Qualidade OK — 48 linhas, 0 erros
[2026-06-30 18:01:33] INFO     hfbrasil.9fbdf91e-5b1b-4595-8d76-2b239c5d6b7f | Qualidade OK — todos os CSVs validados
[2026-06-30 18:01:33] INFO     hfbrasil.9fbdf91e-5b1b-4595-8d76-2b239c5d6b7f | ==================================================
[2026-06-30 18:01:33] INFO     hfbrasil.9fbdf91e-5b1b-4595-8d76-2b239c5d6b7f | ETAPA 5/5 — Carga no banco
[2026-06-30 18:01:33] INFO     hfbrasil.9fbdf91e-5b1b-4595-8d76-2b239c5d6b7f | ==================================================
[2026-06-30 18:01:33] INFO     hfbrasil.9fbdf91e-5b1b-4595-8d76-2b239c5d6b7f | Carregando: CEBOLA_2026.csv (ano=2026, 15 produto(s) distinto(s))
[2026-06-30 18:01:33] INFO     hfbrasil.9fbdf91e-5b1b-4595-8d76-2b239c5d6b7f |   Registros removidos: 48
[2026-06-30 18:01:33] INFO     hfbrasil.9fbdf91e-5b1b-4595-8d76-2b239c5d6b7f |   Registros inseridos: 48
[2026-06-30 18:01:33] INFO     hfbrasil.9fbdf91e-5b1b-4595-8d76-2b239c5d6b7f | Carga concluida: 48 registros inseridos
[2026-06-30 18:01:33] INFO     hfbrasil.9fbdf91e-5b1b-4595-8d76-2b239c5d6b7f | Pipeline concluida com sucesso — 48 registros
[2026-06-30 18:01:33] INFO     hfbrasil.9fbdf91e-5b1b-4595-8d76-2b239c5d6b7f | Notificacao suprimida (notificar_sucesso=False, todas etapas OK)
[2026-06-30 18:01:33] INFO     hfbrasil.9fbdf91e-5b1b-4595-8d76-2b239c5d6b7f | Pipeline finalizada — etapas OK: 5, falhas: 0, duracao: 12.4s
